
Memory Configuration

Name             Origin             Length             Attributes
FLASH            0x08000000         0x00010000         xr
RAM              0x20000000         0x00005000         xrw
*default*        0x00000000         0xffffffff

Linker script and memory map

LOAD C:\Users\PHUCLU~1\AppData\Local\Temp\ccslB2Ff.o
LOAD C:\Users\PHUCLU~1\AppData\Local\Temp\cc653NUU.o
LOAD C:\Users\PHUCLU~1\AppData\Local\Temp\cccrmgvF.o

.isr_vector     0x08000000       0xe4
                0x08000000                . = ALIGN (0x4)
 *(.isr_vector)
 .isr_vector    0x08000000       0xe4 C:\Users\PHUCLU~1\AppData\Local\Temp\ccslB2Ff.o
                0x08000000                g_pfnVectors
                0x080000e4                . = ALIGN (0x4)

.text           0x080000e4      0x470
                0x080000e4                . = ALIGN (0x4)
 *(.text)
 .text          0x080000e4       0x64 C:\Users\PHUCLU~1\AppData\Local\Temp\ccslB2Ff.o
                0x080000e4                Reset_Handler
                0x08000140                HardFault_Handler
                0x08000140                SysTick_Handler
                0x08000140                PVD_IRQHandler
                0x08000140                PendSV_Handler
                0x08000140                NMI_Handler
                0x08000140                EXTI0_IRQHandler
                0x08000140                UsageFault_Handler
                0x08000140                ADC1_2_IRQHandler
                0x08000140                DebugMon_Handler
                0x08000140                CAN1_RX1_IRQHandler
                0x08000140                TIM3_IRQHandler
                0x08000140                Default_Handler
                0x08000140                EXTI15_10_IRQHandler
                0x08000140                MemManage_Handler
                0x08000140                SVC_Handler
                0x08000140                WWDG_IRQHandler
                0x08000140                TIM2_IRQHandler
                0x08000140                EXTI1_IRQHandler
                0x08000140                BusFault_Handler
                0x08000140                USART1_IRQHandler
 .text          0x08000148       0xb8 C:\Users\PHUCLU~1\AppData\Local\Temp\cc653NUU.o
                0x08000180                delay
                0x080001a0                main
                0x080001dc                USB_LP_CAN1_RX0_IRQHandler
 .text          0x08000200      0x354 C:\Users\PHUCLU~1\AppData\Local\Temp\cccrmgvF.o
                0x08000274                Can_Init
                0x08000334                Can_Filter_Config
                0x080003bc                Can_Write
                0x08000490                Can_Read
 *(.text*)
 *(.rodata)
 *(.rodata*)
                0x08000554                . = ALIGN (0x4)
                0x08000554                _etext = .

.glue_7         0x08000554        0x0
 .glue_7        0x08000554        0x0 linker stubs

.glue_7t        0x08000554        0x0
 .glue_7t       0x08000554        0x0 linker stubs

.vfp11_veneer   0x08000554        0x0
 .vfp11_veneer  0x08000554        0x0 linker stubs

.v4_bx          0x08000554        0x0
 .v4_bx         0x08000554        0x0 linker stubs

.iplt           0x08000554        0x0
 .iplt          0x08000554        0x0 C:\Users\PHUCLU~1\AppData\Local\Temp\ccslB2Ff.o

.rel.dyn        0x08000554        0x0
 .rel.iplt      0x08000554        0x0 C:\Users\PHUCLU~1\AppData\Local\Temp\ccslB2Ff.o

.data           0x20000000       0x24 load address 0x08000554
                0x20000000                . = ALIGN (0x4)
                0x20000000                _sdata = .
 *(.data)
 .data          0x20000000        0x0 C:\Users\PHUCLU~1\AppData\Local\Temp\ccslB2Ff.o
 .data          0x20000000       0x24 C:\Users\PHUCLU~1\AppData\Local\Temp\cc653NUU.o
                0x20000000                FilterID
                0x20000004                TxMsg
 .data          0x20000024        0x0 C:\Users\PHUCLU~1\AppData\Local\Temp\cccrmgvF.o
 *(.data*)
                0x20000024                . = ALIGN (0x4)
                0x20000024                _edata = .
                0x08000554                _sidata = LOADADDR (.data)

.igot.plt       0x20000024        0x0 load address 0x08000578
 .igot.plt      0x20000024        0x0 C:\Users\PHUCLU~1\AppData\Local\Temp\ccslB2Ff.o

.bss            0x20000024       0x10 load address 0x08000578
                0x20000024                . = ALIGN (0x4)
                0x20000024                _sbss = .
 *(.bss)
 .bss           0x20000024        0x0 C:\Users\PHUCLU~1\AppData\Local\Temp\ccslB2Ff.o
 .bss           0x20000024       0x10 C:\Users\PHUCLU~1\AppData\Local\Temp\cc653NUU.o
                0x20000024                RxMsg
 .bss           0x20000034        0x0 C:\Users\PHUCLU~1\AppData\Local\Temp\cccrmgvF.o
 *(.bss*)
 *(COMMON)
                0x20000034                . = ALIGN (0x4)
                0x20000034                _ebss = .
                0x20000034                _sheap = .
                0x20005000                _estack = (ORIGIN (RAM) + LENGTH (RAM))
OUTPUT(firmware.elf elf32-littlearm)
LOAD linker stubs

.debug_info     0x00000000      0xde5
 .debug_info    0x00000000      0x14c C:\Users\PHUCLU~1\AppData\Local\Temp\ccslB2Ff.o
 .debug_info    0x0000014c      0x6fd C:\Users\PHUCLU~1\AppData\Local\Temp\cc653NUU.o
 .debug_info    0x00000849      0x59c C:\Users\PHUCLU~1\AppData\Local\Temp\cccrmgvF.o

.debug_abbrev   0x00000000      0x432
 .debug_abbrev  0x00000000       0xcf C:\Users\PHUCLU~1\AppData\Local\Temp\ccslB2Ff.o
 .debug_abbrev  0x000000cf      0x1d2 C:\Users\PHUCLU~1\AppData\Local\Temp\cc653NUU.o
 .debug_abbrev  0x000002a1      0x191 C:\Users\PHUCLU~1\AppData\Local\Temp\cccrmgvF.o

.debug_aranges  0x00000000       0x60
 .debug_aranges
                0x00000000       0x20 C:\Users\PHUCLU~1\AppData\Local\Temp\ccslB2Ff.o
 .debug_aranges
                0x00000020       0x20 C:\Users\PHUCLU~1\AppData\Local\Temp\cc653NUU.o
 .debug_aranges
                0x00000040       0x20 C:\Users\PHUCLU~1\AppData\Local\Temp\cccrmgvF.o

.debug_line     0x00000000      0x687
 .debug_line    0x00000000      0x186 C:\Users\PHUCLU~1\AppData\Local\Temp\ccslB2Ff.o
 .debug_line    0x00000186      0x1d5 C:\Users\PHUCLU~1\AppData\Local\Temp\cc653NUU.o
 .debug_line    0x0000035b      0x32c C:\Users\PHUCLU~1\AppData\Local\Temp\cccrmgvF.o

.debug_str      0x00000000      0x6b0
 .debug_str     0x00000000      0x15a C:\Users\PHUCLU~1\AppData\Local\Temp\ccslB2Ff.o
                                0x197 (size before relaxing)
 .debug_str     0x0000015a      0x49e C:\Users\PHUCLU~1\AppData\Local\Temp\cc653NUU.o
                                0x5e9 (size before relaxing)
 .debug_str     0x000005f8       0xb8 C:\Users\PHUCLU~1\AppData\Local\Temp\cccrmgvF.o
                                0x336 (size before relaxing)

.comment        0x00000000       0x49
 .comment       0x00000000       0x49 C:\Users\PHUCLU~1\AppData\Local\Temp\ccslB2Ff.o
                                 0x4a (size before relaxing)
 .comment       0x00000049       0x4a C:\Users\PHUCLU~1\AppData\Local\Temp\cc653NUU.o
 .comment       0x00000049       0x4a C:\Users\PHUCLU~1\AppData\Local\Temp\cccrmgvF.o

.ARM.attributes
                0x00000000       0x2d
 .ARM.attributes
                0x00000000       0x2d C:\Users\PHUCLU~1\AppData\Local\Temp\ccslB2Ff.o
 .ARM.attributes
                0x0000002d       0x2d C:\Users\PHUCLU~1\AppData\Local\Temp\cc653NUU.o
 .ARM.attributes
                0x0000005a       0x2d C:\Users\PHUCLU~1\AppData\Local\Temp\cccrmgvF.o

.debug_frame    0x00000000      0x1ac
 .debug_frame   0x00000000       0x48 C:\Users\PHUCLU~1\AppData\Local\Temp\ccslB2Ff.o
 .debug_frame   0x00000048       0x98 C:\Users\PHUCLU~1\AppData\Local\Temp\cc653NUU.o
 .debug_frame   0x000000e0       0xcc C:\Users\PHUCLU~1\AppData\Local\Temp\cccrmgvF.o
