
Memory Configuration

Name             Origin             Length             Attributes
FLASH            0x08000000         0x00010000         xr
RAM              0x20000000         0x00005000         xrw
*default*        0x00000000         0xffffffff

Linker script and memory map

LOAD C:\Users\PHUCLU~1\AppData\Local\Temp\ccL6tluh.o
LOAD C:\Users\PHUCLU~1\AppData\Local\Temp\cceSXVhm.o
LOAD C:\Users\PHUCLU~1\AppData\Local\Temp\cclq8Wrz.o

.isr_vector     0x08000000       0xe4
                0x08000000                . = ALIGN (0x4)
 *(.isr_vector)
 .isr_vector    0x08000000       0xe4 C:\Users\PHUCLU~1\AppData\Local\Temp\ccL6tluh.o
                0x08000000                g_pfnVectors
                0x080000e4                . = ALIGN (0x4)

.text           0x080000e4      0x3d4
                0x080000e4                . = ALIGN (0x4)
 *(.text)
 .text          0x080000e4       0x64 C:\Users\PHUCLU~1\AppData\Local\Temp\ccL6tluh.o
                0x080000e4                Reset_Handler
                0x08000140                HardFault_Handler
                0x08000140                SysTick_Handler
                0x08000140                PVD_IRQHandler
                0x08000140                PendSV_Handler
                0x08000140                NMI_Handler
                0x08000140                EXTI0_IRQHandler
                0x08000140                UsageFault_Handler
                0x08000140                ADC1_2_IRQHandler
                0x08000140                DebugMon_Handler
                0x08000140                TIM3_IRQHandler
                0x08000140                Default_Handler
                0x08000140                EXTI15_10_IRQHandler
                0x08000140                MemManage_Handler
                0x08000140                SVC_Handler
                0x08000140                WWDG_IRQHandler
                0x08000140                TIM2_IRQHandler
                0x08000140                EXTI1_IRQHandler
                0x08000140                BusFault_Handler
                0x08000140                USART1_IRQHandler
 .text          0x08000148       0x44 C:\Users\PHUCLU~1\AppData\Local\Temp\cceSXVhm.o
                0x08000148                delay
                0x08000168                main
 .text          0x0800018c      0x32c C:\Users\PHUCLU~1\AppData\Local\Temp\cclq8Wrz.o
                0x08000200                Can_Init
                0x0800028c                Can_Filter_Config
                0x08000324                Can_Write
                0x080003f8                Can_Read
 *(.text*)
 *(.rodata)
 *(.rodata*)
                0x080004b8                . = ALIGN (0x4)
                0x080004b8                _etext = .

.glue_7         0x080004b8        0x0
 .glue_7        0x080004b8        0x0 linker stubs

.glue_7t        0x080004b8        0x0
 .glue_7t       0x080004b8        0x0 linker stubs

.vfp11_veneer   0x080004b8        0x0
 .vfp11_veneer  0x080004b8        0x0 linker stubs

.v4_bx          0x080004b8        0x0
 .v4_bx         0x080004b8        0x0 linker stubs

.iplt           0x080004b8        0x0
 .iplt          0x080004b8        0x0 C:\Users\PHUCLU~1\AppData\Local\Temp\ccL6tluh.o

.rel.dyn        0x080004b8        0x0
 .rel.iplt      0x080004b8        0x0 C:\Users\PHUCLU~1\AppData\Local\Temp\ccL6tluh.o

.data           0x20000000       0x24 load address 0x080004b8
                0x20000000                . = ALIGN (0x4)
                0x20000000                _sdata = .
 *(.data)
 .data          0x20000000        0x0 C:\Users\PHUCLU~1\AppData\Local\Temp\ccL6tluh.o
 .data          0x20000000       0x24 C:\Users\PHUCLU~1\AppData\Local\Temp\cceSXVhm.o
                0x20000000                FilterID
                0x20000004                TxMsg
 .data          0x20000024        0x0 C:\Users\PHUCLU~1\AppData\Local\Temp\cclq8Wrz.o
 *(.data*)
                0x20000024                . = ALIGN (0x4)
                0x20000024                _edata = .
                0x080004b8                _sidata = LOADADDR (.data)

.igot.plt       0x20000024        0x0 load address 0x080004dc
 .igot.plt      0x20000024        0x0 C:\Users\PHUCLU~1\AppData\Local\Temp\ccL6tluh.o

.bss            0x20000024       0x10 load address 0x080004dc
                0x20000024                . = ALIGN (0x4)
                0x20000024                _sbss = .
 *(.bss)
 .bss           0x20000024        0x0 C:\Users\PHUCLU~1\AppData\Local\Temp\ccL6tluh.o
 .bss           0x20000024       0x10 C:\Users\PHUCLU~1\AppData\Local\Temp\cceSXVhm.o
                0x20000024                RxMsg
 .bss           0x20000034        0x0 C:\Users\PHUCLU~1\AppData\Local\Temp\cclq8Wrz.o
 *(.bss*)
 *(COMMON)
                0x20000034                . = ALIGN (0x4)
                0x20000034                _ebss = .
                0x20000034                _sheap = .
                0x20005000                _estack = (ORIGIN (RAM) + LENGTH (RAM))
OUTPUT(firmware.elf elf32-littlearm)
LOAD linker stubs

.debug_info     0x00000000      0x8a6
 .debug_info    0x00000000      0x14c C:\Users\PHUCLU~1\AppData\Local\Temp\ccL6tluh.o
 .debug_info    0x0000014c      0x1cd C:\Users\PHUCLU~1\AppData\Local\Temp\cceSXVhm.o
 .debug_info    0x00000319      0x58d C:\Users\PHUCLU~1\AppData\Local\Temp\cclq8Wrz.o

.debug_abbrev   0x00000000      0x32c
 .debug_abbrev  0x00000000       0xcf C:\Users\PHUCLU~1\AppData\Local\Temp\ccL6tluh.o
 .debug_abbrev  0x000000cf       0xdd C:\Users\PHUCLU~1\AppData\Local\Temp\cceSXVhm.o
 .debug_abbrev  0x000001ac      0x180 C:\Users\PHUCLU~1\AppData\Local\Temp\cclq8Wrz.o

.debug_aranges  0x00000000       0x60
 .debug_aranges
                0x00000000       0x20 C:\Users\PHUCLU~1\AppData\Local\Temp\ccL6tluh.o
 .debug_aranges
                0x00000020       0x20 C:\Users\PHUCLU~1\AppData\Local\Temp\cceSXVhm.o
 .debug_aranges
                0x00000040       0x20 C:\Users\PHUCLU~1\AppData\Local\Temp\cclq8Wrz.o

.debug_line     0x00000000      0x61c
 .debug_line    0x00000000      0x186 C:\Users\PHUCLU~1\AppData\Local\Temp\ccL6tluh.o
 .debug_line    0x00000186      0x168 C:\Users\PHUCLU~1\AppData\Local\Temp\cceSXVhm.o
 .debug_line    0x000002ee      0x32e C:\Users\PHUCLU~1\AppData\Local\Temp\cclq8Wrz.o

.debug_str      0x00000000      0x36a
 .debug_str     0x00000000      0x15a C:\Users\PHUCLU~1\AppData\Local\Temp\ccL6tluh.o
                                0x197 (size before relaxing)
 .debug_str     0x0000015a       0x72 C:\Users\PHUCLU~1\AppData\Local\Temp\cceSXVhm.o
                                0x1b4 (size before relaxing)
 .debug_str     0x000001cc      0x19e C:\Users\PHUCLU~1\AppData\Local\Temp\cclq8Wrz.o
                                0x336 (size before relaxing)

.comment        0x00000000       0x49
 .comment       0x00000000       0x49 C:\Users\PHUCLU~1\AppData\Local\Temp\ccL6tluh.o
                                 0x4a (size before relaxing)
 .comment       0x00000049       0x4a C:\Users\PHUCLU~1\AppData\Local\Temp\cceSXVhm.o
 .comment       0x00000049       0x4a C:\Users\PHUCLU~1\AppData\Local\Temp\cclq8Wrz.o

.ARM.attributes
                0x00000000       0x2d
 .ARM.attributes
                0x00000000       0x2d C:\Users\PHUCLU~1\AppData\Local\Temp\ccL6tluh.o
 .ARM.attributes
                0x0000002d       0x2d C:\Users\PHUCLU~1\AppData\Local\Temp\cceSXVhm.o
 .ARM.attributes
                0x0000005a       0x2d C:\Users\PHUCLU~1\AppData\Local\Temp\cclq8Wrz.o

.debug_frame    0x00000000      0x168
 .debug_frame   0x00000000       0x48 C:\Users\PHUCLU~1\AppData\Local\Temp\ccL6tluh.o
 .debug_frame   0x00000048       0x54 C:\Users\PHUCLU~1\AppData\Local\Temp\cceSXVhm.o
 .debug_frame   0x0000009c       0xcc C:\Users\PHUCLU~1\AppData\Local\Temp\cclq8Wrz.o
