
There are no discarded input sections

Memory Configuration

Name             Origin             Length             Attributes
FLASH            0x08000000         0x00010000         xr
RAM              0x20000000         0x00005000         xrw
*default*        0x00000000         0xffffffff

Linker script and memory map

LOAD C:\Users\luuph\AppData\Local\Temp\ccip1yrz.o
LOAD C:\Users\luuph\AppData\Local\Temp\ccLukELn.o
LOAD C:\Users\luuph\AppData\Local\Temp\ccO6yzrg.o

.isr_vector     0x08000000       0xe4
                0x08000000                        . = ALIGN (0x4)
 *(.isr_vector)
 .isr_vector    0x08000000       0xe4 C:\Users\luuph\AppData\Local\Temp\ccip1yrz.o
                0x08000000                g_pfnVectors
                0x080000e4                        . = ALIGN (0x4)

.text           0x080000e4      0x380
                0x080000e4                        . = ALIGN (0x4)
 *(.text)
 .text          0x080000e4       0x64 C:\Users\luuph\AppData\Local\Temp\ccip1yrz.o
                0x080000e4                Reset_Handler
                0x08000140                HardFault_Handler
                0x08000140                SysTick_Handler
                0x08000140                PVD_IRQHandler
                0x08000140                PendSV_Handler
                0x08000140                NMI_Handler
                0x08000140                EXTI0_IRQHandler
                0x08000140                UsageFault_Handler
                0x08000140                ADC1_2_IRQHandler
                0x08000140                DebugMon_Handler
                0x08000140                TIM3_IRQHandler
                0x08000140                Default_Handler
                0x08000140                EXTI15_10_IRQHandler
                0x08000140                MemManage_Handler
                0x08000140                SVC_Handler
                0x08000140                WWDG_IRQHandler
                0x08000140                TIM2_IRQHandler
                0x08000140                EXTI1_IRQHandler
                0x08000140                BusFault_Handler
                0x08000140                USART1_IRQHandler
 .text          0x08000148       0x3c C:\Users\luuph\AppData\Local\Temp\ccLukELn.o
                0x08000148                main
 .text          0x08000184      0x2e0 C:\Users\luuph\AppData\Local\Temp\ccO6yzrg.o
                0x080001f8                Can_Init
                0x08000284                Can_Filter_Config
                0x08000314                Can_Write
                0x080003bc                Can_Read
 *(.text*)
 *(.rodata)
 *(.rodata*)
                0x08000464                        . = ALIGN (0x4)
                0x08000464                        _etext = .

.glue_7         0x08000464        0x0
 .glue_7        0x08000464        0x0 linker stubs

.glue_7t        0x08000464        0x0
 .glue_7t       0x08000464        0x0 linker stubs

.vfp11_veneer   0x08000464        0x0
 .vfp11_veneer  0x08000464        0x0 linker stubs

.v4_bx          0x08000464        0x0
 .v4_bx         0x08000464        0x0 linker stubs

.iplt           0x08000464        0x0
 .iplt          0x08000464        0x0 C:\Users\luuph\AppData\Local\Temp\ccip1yrz.o

.rel.dyn        0x08000464        0x0
 .rel.iplt      0x08000464        0x0 C:\Users\luuph\AppData\Local\Temp\ccip1yrz.o

.data           0x20000000        0x0 load address 0x08000464
                0x20000000                        . = ALIGN (0x4)
                0x20000000                        _sdata = .
 *(.data)
 .data          0x20000000        0x0 C:\Users\luuph\AppData\Local\Temp\ccip1yrz.o
 .data          0x20000000        0x0 C:\Users\luuph\AppData\Local\Temp\ccLukELn.o
 .data          0x20000000        0x0 C:\Users\luuph\AppData\Local\Temp\ccO6yzrg.o
 *(.data*)
                0x20000000                        . = ALIGN (0x4)
                0x20000000                        _edata = .
                0x08000464                        _sidata = LOADADDR (.data)

.igot.plt       0x20000000        0x0 load address 0x08000464
 .igot.plt      0x20000000        0x0 C:\Users\luuph\AppData\Local\Temp\ccip1yrz.o

.bss            0x20000000       0x2c load address 0x08000464
                0x20000000                        . = ALIGN (0x4)
                0x20000000                        _sbss = .
 *(.bss)
 .bss           0x20000000        0x0 C:\Users\luuph\AppData\Local\Temp\ccip1yrz.o
 .bss           0x20000000       0x10 C:\Users\luuph\AppData\Local\Temp\ccLukELn.o
                0x20000000                rx_id_val
                0x20000004                rx_buffer
                0x2000000c                rx_count
 .bss           0x20000010       0x19 C:\Users\luuph\AppData\Local\Temp\ccO6yzrg.o
                0x20000010                id
                0x20000014                data
                0x20000018                rx_msg
                0x20000028                rx_flag
 *(.bss*)
 *(COMMON)
                0x2000002c                        . = ALIGN (0x4)
 *fill*         0x20000029        0x3 
                0x2000002c                        _ebss = .
                0x2000002c                        _sheap = .
                0x20005000                        _estack = (ORIGIN (RAM) + LENGTH (RAM))
OUTPUT(firmware.elf elf32-littlearm)
LOAD linker stubs

.debug_info     0x00000000      0xa2f
 .debug_info    0x00000000      0x147 C:\Users\luuph\AppData\Local\Temp\ccip1yrz.o
 .debug_info    0x00000147      0x37d C:\Users\luuph\AppData\Local\Temp\ccLukELn.o
 .debug_info    0x000004c4      0x56b C:\Users\luuph\AppData\Local\Temp\ccO6yzrg.o

.debug_abbrev   0x00000000      0x423
 .debug_abbrev  0x00000000       0xe7 C:\Users\luuph\AppData\Local\Temp\ccip1yrz.o
 .debug_abbrev  0x000000e7      0x145 C:\Users\luuph\AppData\Local\Temp\ccLukELn.o
 .debug_abbrev  0x0000022c      0x1f7 C:\Users\luuph\AppData\Local\Temp\ccO6yzrg.o

.debug_aranges  0x00000000       0x60
 .debug_aranges
                0x00000000       0x20 C:\Users\luuph\AppData\Local\Temp\ccip1yrz.o
 .debug_aranges
                0x00000020       0x20 C:\Users\luuph\AppData\Local\Temp\ccLukELn.o
 .debug_aranges
                0x00000040       0x20 C:\Users\luuph\AppData\Local\Temp\ccO6yzrg.o

.debug_line     0x00000000      0x5c9
 .debug_line    0x00000000      0x154 C:\Users\luuph\AppData\Local\Temp\ccip1yrz.o
 .debug_line    0x00000154      0x160 C:\Users\luuph\AppData\Local\Temp\ccLukELn.o
 .debug_line    0x000002b4      0x315 C:\Users\luuph\AppData\Local\Temp\ccO6yzrg.o

.debug_str      0x00000000      0x34b
 .debug_str     0x00000000      0x34b C:\Users\luuph\AppData\Local\Temp\ccip1yrz.o
                                0x18f (size before relaxing)
 .debug_str     0x0000034b      0x280 C:\Users\luuph\AppData\Local\Temp\ccLukELn.o
 .debug_str     0x0000034b      0x30d C:\Users\luuph\AppData\Local\Temp\ccO6yzrg.o

.comment        0x00000000       0x45
 .comment       0x00000000       0x45 C:\Users\luuph\AppData\Local\Temp\ccip1yrz.o
                                 0x46 (size before relaxing)
 .comment       0x00000045       0x46 C:\Users\luuph\AppData\Local\Temp\ccLukELn.o
 .comment       0x00000045       0x46 C:\Users\luuph\AppData\Local\Temp\ccO6yzrg.o

.ARM.attributes
                0x00000000       0x2d
 .ARM.attributes
                0x00000000       0x2d C:\Users\luuph\AppData\Local\Temp\ccip1yrz.o
 .ARM.attributes
                0x0000002d       0x2d C:\Users\luuph\AppData\Local\Temp\ccLukELn.o
 .ARM.attributes
                0x0000005a       0x2d C:\Users\luuph\AppData\Local\Temp\ccO6yzrg.o

.debug_frame    0x00000000      0x130
 .debug_frame   0x00000000       0x48 C:\Users\luuph\AppData\Local\Temp\ccip1yrz.o
 .debug_frame   0x00000048       0x2c C:\Users\luuph\AppData\Local\Temp\ccLukELn.o
 .debug_frame   0x00000074       0xbc C:\Users\luuph\AppData\Local\Temp\ccO6yzrg.o
